// Jest Snapshot v1, https://goo.gl/fbAQLP

exports[`renders a snapshot 1`] = `
<div
  className="container"
>
  <div
    className="card"
  >
    <img
      alt="guitar"
      className="card-img-top"
      src="./guitar.jpg"
    />
    <div
      className="card-body"
    >
      <div
        className="card-title h5"
      >
        nawright16
      </div>
      <p
        className="card-text"
      >
        Slowly becoming a software developer
      </p>
    </div>
  </div>
</div>
`;
